// Jest Snapshot v1, https://goo.gl/fbAQLP

exports[`ErrorBoundary component should render correctly when there is an error 1`] = `
<Error
  error={
    Object {
      "statusCode": 404,
    }
  }
/>
`;
