// Jest Snapshot v1, https://goo.gl/fbAQLP

exports[`FormWrapper component should render properly 1`] = `
<form
  onSubmit={[Function]}
/>
`;
